
> frontend@0.0.0 build
> vite build

[36mvite v7.3.1 [32mbuilding client environment for production...[36m[39m
transforming...
[32m✓[39m 58 modules transformed.
[31m✗[39m Build failed in 1.30s
[31merror during build:
[31mCould not resolve "../components/exercises/FillBlanks" from "src/pages/DailyChallenge.jsx"[31m
file: [36mC:/AntigravityProjects/English-Academy/frontend/src/pages/DailyChallenge.jsx[31m
    at getRollupError (file:///C:/AntigravityProjects/English-Academy/frontend/node_modules/rollup/dist/es/shared/parseAst.js:402:41)
    at error (file:///C:/AntigravityProjects/English-Academy/frontend/node_modules/rollup/dist/es/shared/parseAst.js:398:42)
    at ModuleLoader.handleInvalidResolvedId (file:///C:/AntigravityProjects/English-Academy/frontend/node_modules/rollup/dist/es/shared/node-entry.js:21710:24)
    at file:///C:/AntigravityProjects/English-Academy/frontend/node_modules/rollup/dist/es/shared/node-entry.js:21670:26[39m
